---
source: garde/tests/./rules/char_count.rs
expression: snapshot
---
Exact {
    field: "",
    inner: [
        "",
    ],
}
field: character count is lower than 5
inner[0]: character count is lower than 5

Exact {
    field: "a",
    inner: [
        "a",
    ],
}
field: character count is lower than 5
inner[0]: character count is lower than 5

Exact {
    field: "aaa",
    inner: [
        "aaa",
    ],
}
field: character count is lower than 5
inner[0]: character count is lower than 5

Exact {
    field: "ğŸ˜‚",
    inner: [
        "ğŸ˜‚",
    ],
}
field: character count is lower than 5
inner[0]: character count is lower than 5

Exact {
    field: "ğŸ‘¨\u{200d}ğŸ‘©\u{200d}ğŸ‘¦ğŸ‘¨\u{200d}ğŸ‘©\u{200d}ğŸ‘¦",
    inner: [
        "ğŸ‘¨\u{200d}ğŸ‘©\u{200d}ğŸ‘¦ğŸ‘¨\u{200d}ğŸ‘©\u{200d}ğŸ‘¦",
    ],
}
field: character count is greater than 5
inner[0]: character count is greater than 5


