---
source: garde/tests/./rules/grapheme_count.rs
expression: snapshot
---
Test {
    field: "aaaaaaaaa",
    inner: [
        "aaaaaaaaa",
    ],
}
field: grapheme count is lower than 10
inner[0]: grapheme count is lower than 10

Test {
    field: "aaaaaaaaaaaaaaaaaaaaaaaaaaaaaaaaaaaaaaaaaaaaaaaaaaaaaaaaaaaaaaaaaaaaaaaaaaaaaaaaaaaaaaaaaaaaaaaaaaaaa",
    inner: [
        "aaaaaaaaaaaaaaaaaaaaaaaaaaaaaaaaaaaaaaaaaaaaaaaaaaaaaaaaaaaaaaaaaaaaaaaaaaaaaaaaaaaaaaaaaaaaaaaaaaaaa",
    ],
}
field: grapheme count is greater than 100
inner[0]: grapheme count is greater than 100

Test {
    field: "ğŸ˜‚ğŸ˜‚ğŸ˜‚ğŸ˜‚ğŸ˜‚ğŸ˜‚ğŸ˜‚ğŸ˜‚ğŸ˜‚ğŸ˜‚ğŸ˜‚ğŸ˜‚ğŸ˜‚ğŸ˜‚ğŸ˜‚ğŸ˜‚ğŸ˜‚ğŸ˜‚ğŸ˜‚ğŸ˜‚ğŸ˜‚ğŸ˜‚ğŸ˜‚ğŸ˜‚ğŸ˜‚ğŸ˜‚ğŸ˜‚ğŸ˜‚ğŸ˜‚ğŸ˜‚ğŸ˜‚ğŸ˜‚ğŸ˜‚ğŸ˜‚ğŸ˜‚ğŸ˜‚ğŸ˜‚ğŸ˜‚ğŸ˜‚ğŸ˜‚ğŸ˜‚ğŸ˜‚ğŸ˜‚ğŸ˜‚ğŸ˜‚ğŸ˜‚ğŸ˜‚ğŸ˜‚ğŸ˜‚ğŸ˜‚ğŸ˜‚ğŸ˜‚ğŸ˜‚ğŸ˜‚ğŸ˜‚ğŸ˜‚ğŸ˜‚ğŸ˜‚ğŸ˜‚ğŸ˜‚ğŸ˜‚ğŸ˜‚ğŸ˜‚ğŸ˜‚ğŸ˜‚ğŸ˜‚ğŸ˜‚ğŸ˜‚ğŸ˜‚ğŸ˜‚ğŸ˜‚ğŸ˜‚ğŸ˜‚ğŸ˜‚ğŸ˜‚ğŸ˜‚ğŸ˜‚ğŸ˜‚ğŸ˜‚ğŸ˜‚ğŸ˜‚ğŸ˜‚ğŸ˜‚ğŸ˜‚ğŸ˜‚ğŸ˜‚ğŸ˜‚ğŸ˜‚ğŸ˜‚ğŸ˜‚ğŸ˜‚ğŸ˜‚ğŸ˜‚ğŸ˜‚ğŸ˜‚ğŸ˜‚ğŸ˜‚ğŸ˜‚ğŸ˜‚ğŸ˜‚ğŸ˜‚",
    inner: [
        "ğŸ˜‚ğŸ˜‚ğŸ˜‚ğŸ˜‚ğŸ˜‚ğŸ˜‚ğŸ˜‚ğŸ˜‚ğŸ˜‚ğŸ˜‚ğŸ˜‚ğŸ˜‚ğŸ˜‚ğŸ˜‚ğŸ˜‚ğŸ˜‚ğŸ˜‚ğŸ˜‚ğŸ˜‚ğŸ˜‚ğŸ˜‚ğŸ˜‚ğŸ˜‚ğŸ˜‚ğŸ˜‚ğŸ˜‚ğŸ˜‚ğŸ˜‚ğŸ˜‚ğŸ˜‚ğŸ˜‚ğŸ˜‚ğŸ˜‚ğŸ˜‚ğŸ˜‚ğŸ˜‚ğŸ˜‚ğŸ˜‚ğŸ˜‚ğŸ˜‚ğŸ˜‚ğŸ˜‚ğŸ˜‚ğŸ˜‚ğŸ˜‚ğŸ˜‚ğŸ˜‚ğŸ˜‚ğŸ˜‚ğŸ˜‚ğŸ˜‚ğŸ˜‚ğŸ˜‚ğŸ˜‚ğŸ˜‚ğŸ˜‚ğŸ˜‚ğŸ˜‚ğŸ˜‚ğŸ˜‚ğŸ˜‚ğŸ˜‚ğŸ˜‚ğŸ˜‚ğŸ˜‚ğŸ˜‚ğŸ˜‚ğŸ˜‚ğŸ˜‚ğŸ˜‚ğŸ˜‚ğŸ˜‚ğŸ˜‚ğŸ˜‚ğŸ˜‚ğŸ˜‚ğŸ˜‚ğŸ˜‚ğŸ˜‚ğŸ˜‚ğŸ˜‚ğŸ˜‚ğŸ˜‚ğŸ˜‚ğŸ˜‚ğŸ˜‚ğŸ˜‚ğŸ˜‚ğŸ˜‚ğŸ˜‚ğŸ˜‚ğŸ˜‚ğŸ˜‚ğŸ˜‚ğŸ˜‚ğŸ˜‚ğŸ˜‚ğŸ˜‚ğŸ˜‚ğŸ˜‚ğŸ˜‚",
    ],
}
field: grapheme count is greater than 100
inner[0]: grapheme count is greater than 100

Test {
    field: "ğŸ‘¨\u{200d}ğŸ‘©\u{200d}ğŸ‘¦ğŸ‘¨\u{200d}ğŸ‘©\u{200d}ğŸ‘¦ğŸ‘¨\u{200d}ğŸ‘©\u{200d}ğŸ‘¦ğŸ‘¨\u{200d}ğŸ‘©\u{200d}ğŸ‘¦ğŸ‘¨\u{200d}ğŸ‘©\u{200d}ğŸ‘¦ğŸ‘¨\u{200d}ğŸ‘©\u{200d}ğŸ‘¦ğŸ‘¨\u{200d}ğŸ‘©\u{200d}ğŸ‘¦ğŸ‘¨\u{200d}ğŸ‘©\u{200d}ğŸ‘¦ğŸ‘¨\u{200d}ğŸ‘©\u{200d}ğŸ‘¦",
    inner: [
        "ğŸ‘¨\u{200d}ğŸ‘©\u{200d}ğŸ‘¦ğŸ‘¨\u{200d}ğŸ‘©\u{200d}ğŸ‘¦ğŸ‘¨\u{200d}ğŸ‘©\u{200d}ğŸ‘¦ğŸ‘¨\u{200d}ğŸ‘©\u{200d}ğŸ‘¦ğŸ‘¨\u{200d}ğŸ‘©\u{200d}ğŸ‘¦ğŸ‘¨\u{200d}ğŸ‘©\u{200d}ğŸ‘¦ğŸ‘¨\u{200d}ğŸ‘©\u{200d}ğŸ‘¦ğŸ‘¨\u{200d}ğŸ‘©\u{200d}ğŸ‘¦ğŸ‘¨\u{200d}ğŸ‘©\u{200d}ğŸ‘¦",
    ],
}
field: grapheme count is lower than 10
inner[0]: grapheme count is lower than 10

Test {
    field: "ğŸ‘¨\u{200d}ğŸ‘©\u{200d}ğŸ‘¦ğŸ‘¨\u{200d}ğŸ‘©\u{200d}ğŸ‘¦ğŸ‘¨\u{200d}ğŸ‘©\u{200d}ğŸ‘¦ğŸ‘¨\u{200d}ğŸ‘©\u{200d}ğŸ‘¦ğŸ‘¨\u{200d}ğŸ‘©\u{200d}ğŸ‘¦ğŸ‘¨\u{200d}ğŸ‘©\u{200d}ğŸ‘¦ğŸ‘¨\u{200d}ğŸ‘©\u{200d}ğŸ‘¦ğŸ‘¨\u{200d}ğŸ‘©\u{200d}ğŸ‘¦ğŸ‘¨\u{200d}ğŸ‘©\u{200d}ğŸ‘¦ğŸ‘¨\u{200d}ğŸ‘©\u{200d}ğŸ‘¦ğŸ‘¨\u{200d}ğŸ‘©\u{200d}ğŸ‘¦ğŸ‘¨\u{200d}ğŸ‘©\u{200d}ğŸ‘¦ğŸ‘¨\u{200d}ğŸ‘©\u{200d}ğŸ‘¦ğŸ‘¨\u{200d}ğŸ‘©\u{200d}ğŸ‘¦ğŸ‘¨\u{200d}ğŸ‘©\u{200d}ğŸ‘¦ğŸ‘¨\u{200d}ğŸ‘©\u{200d}ğŸ‘¦ğŸ‘¨\u{200d}ğŸ‘©\u{200d}ğŸ‘¦ğŸ‘¨\u{200d}ğŸ‘©\u{200d}ğŸ‘¦ğŸ‘¨\u{200d}ğŸ‘©\u{200d}ğŸ‘¦ğŸ‘¨\u{200d}ğŸ‘©\u{200d}ğŸ‘¦ğŸ‘¨\u{200d}ğŸ‘©\u{200d}ğŸ‘¦ğŸ‘¨\u{200d}ğŸ‘©\u{200d}ğŸ‘¦ğŸ‘¨\u{200d}ğŸ‘©\u{200d}ğŸ‘¦ğŸ‘¨\u{200d}ğŸ‘©\u{200d}ğŸ‘¦ğŸ‘¨\u{200d}ğŸ‘©\u{200d}ğŸ‘¦ğŸ‘¨\u{200d}ğŸ‘©\u{200d}ğŸ‘¦ğŸ‘¨\u{200d}ğŸ‘©\u{200d}ğŸ‘¦ğŸ‘¨\u{200d}ğŸ‘©\u{200d}ğŸ‘¦ğŸ‘¨\u{200d}ğŸ‘©\u{200d}ğŸ‘¦ğŸ‘¨\u{200d}ğŸ‘©\u{200d}ğŸ‘¦ğŸ‘¨\u{200d}ğŸ‘©\u{200d}ğŸ‘¦ğŸ‘¨\u{200d}ğŸ‘©\u{200d}ğŸ‘¦ğŸ‘¨\u{200d}ğŸ‘©\u{200d}ğŸ‘¦ğŸ‘¨\u{200d}ğŸ‘©\u{200d}ğŸ‘¦ğŸ‘¨\u{200d}ğŸ‘©\u{200d}ğŸ‘¦ğŸ‘¨\u{200d}ğŸ‘©\u{200d}ğŸ‘¦ğŸ‘¨\u{200d}ğŸ‘©\u{200d}ğŸ‘¦ğŸ‘¨\u{200d}ğŸ‘©\u{200d}ğŸ‘¦ğŸ‘¨\u{200d}ğŸ‘©\u{200d}ğŸ‘¦ğŸ‘¨\u{200d}ğŸ‘©\u{200d}ğŸ‘¦ğŸ‘¨\u{200d}ğŸ‘©\u{200d}ğŸ‘¦ğŸ‘¨\u{200d}ğŸ‘©\u{200d}ğŸ‘¦ğŸ‘¨\u{200d}ğŸ‘©\u{200d}ğŸ‘¦ğŸ‘¨\u{200d}ğŸ‘©\u{200d}ğŸ‘¦ğŸ‘¨\u{200d}ğŸ‘©\u{200d}ğŸ‘¦ğŸ‘¨\u{200d}ğŸ‘©\u{200d}ğŸ‘¦ğŸ‘¨\u{200d}ğŸ‘©\u{200d}ğŸ‘¦ğŸ‘¨\u{200d}ğŸ‘©\u{200d}ğŸ‘¦ğŸ‘¨\u{200d}ğŸ‘©\u{200d}ğŸ‘¦ğŸ‘¨\u{200d}ğŸ‘©\u{200d}ğŸ‘¦ğŸ‘¨\u{200d}ğŸ‘©\u{200d}ğŸ‘¦ğŸ‘¨\u{200d}ğŸ‘©\u{200d}ğŸ‘¦ğŸ‘¨\u{200d}ğŸ‘©\u{200d}ğŸ‘¦ğŸ‘¨\u{200d}ğŸ‘©\u{200d}ğŸ‘¦ğŸ‘¨\u{200d}ğŸ‘©\u{200d}ğŸ‘¦ğŸ‘¨\u{200d}ğŸ‘©\u{200d}ğŸ‘¦ğŸ‘¨\u{200d}ğŸ‘©\u{200d}ğŸ‘¦ğŸ‘¨\u{200d}ğŸ‘©\u{200d}ğŸ‘¦ğŸ‘¨\u{200d}ğŸ‘©\u{200d}ğŸ‘¦ğŸ‘¨\u{200d}ğŸ‘©\u{200d}ğŸ‘¦ğŸ‘¨\u{200d}ğŸ‘©\u{200d}ğŸ‘¦ğŸ‘¨\u{200d}ğŸ‘©\u{200d}ğŸ‘¦ğŸ‘¨\u{200d}ğŸ‘©\u{200d}ğŸ‘¦ğŸ‘¨\u{200d}ğŸ‘©\u{200d}ğŸ‘¦ğŸ‘¨\u{200d}ğŸ‘©\u{200d}ğŸ‘¦ğŸ‘¨\u{200d}ğŸ‘©\u{200d}ğŸ‘¦ğŸ‘¨\u{200d}ğŸ‘©\u{200d}ğŸ‘¦ğŸ‘¨\u{200d}ğŸ‘©\u{200d}ğŸ‘¦ğŸ‘¨\u{200d}ğŸ‘©\u{200d}ğŸ‘¦ğŸ‘¨\u{200d}ğŸ‘©\u{200d}ğŸ‘¦ğŸ‘¨\u{200d}ğŸ‘©\u{200d}ğŸ‘¦ğŸ‘¨\u{200d}ğŸ‘©\u{200d}ğŸ‘¦ğŸ‘¨\u{200d}ğŸ‘©\u{200d}ğŸ‘¦ğŸ‘¨\u{200d}ğŸ‘©\u{200d}ğŸ‘¦ğŸ‘¨\u{200d}ğŸ‘©\u{200d}ğŸ‘¦ğŸ‘¨\u{200d}ğŸ‘©\u{200d}ğŸ‘¦ğŸ‘¨\u{200d}ğŸ‘©\u{200d}ğŸ‘¦ğŸ‘¨\u{200d}ğŸ‘©\u{200d}ğŸ‘¦ğŸ‘¨\u{200d}ğŸ‘©\u{200d}ğŸ‘¦ğŸ‘¨\u{200d}ğŸ‘©\u{200d}ğŸ‘¦ğŸ‘¨\u{200d}ğŸ‘©\u{200d}ğŸ‘¦ğŸ‘¨\u{200d}ğŸ‘©\u{200d}ğŸ‘¦ğŸ‘¨\u{200d}ğŸ‘©\u{200d}ğŸ‘¦ğŸ‘¨\u{200d}ğŸ‘©\u{200d}ğŸ‘¦ğŸ‘¨\u{200d}ğŸ‘©\u{200d}ğŸ‘¦ğŸ‘¨\u{200d}ğŸ‘©\u{200d}ğŸ‘¦ğŸ‘¨\u{200d}ğŸ‘©\u{200d}ğŸ‘¦ğŸ‘¨\u{200d}ğŸ‘©\u{200d}ğŸ‘¦ğŸ‘¨\u{200d}ğŸ‘©\u{200d}ğŸ‘¦ğŸ‘¨\u{200d}ğŸ‘©\u{200d}ğŸ‘¦ğŸ‘¨\u{200d}ğŸ‘©\u{200d}ğŸ‘¦ğŸ‘¨\u{200d}ğŸ‘©\u{200d}ğŸ‘¦ğŸ‘¨\u{200d}ğŸ‘©\u{200d}ğŸ‘¦ğŸ‘¨\u{200d}ğŸ‘©\u{200d}ğŸ‘¦ğŸ‘¨\u{200d}ğŸ‘©\u{200d}ğŸ‘¦ğŸ‘¨\u{200d}ğŸ‘©\u{200d}ğŸ‘¦ğŸ‘¨\u{200d}ğŸ‘©\u{200d}ğŸ‘¦ğŸ‘¨\u{200d}ğŸ‘©\u{200d}ğŸ‘¦ğŸ‘¨\u{200d}ğŸ‘©\u{200d}ğŸ‘¦ğŸ‘¨\u{200d}ğŸ‘©\u{200d}ğŸ‘¦ğŸ‘¨\u{200d}ğŸ‘©\u{200d}ğŸ‘¦",
    inner: [
        "ğŸ‘¨\u{200d}ğŸ‘©\u{200d}ğŸ‘¦ğŸ‘¨\u{200d}ğŸ‘©\u{200d}ğŸ‘¦ğŸ‘¨\u{200d}ğŸ‘©\u{200d}ğŸ‘¦ğŸ‘¨\u{200d}ğŸ‘©\u{200d}ğŸ‘¦ğŸ‘¨\u{200d}ğŸ‘©\u{200d}ğŸ‘¦ğŸ‘¨\u{200d}ğŸ‘©\u{200d}ğŸ‘¦ğŸ‘¨\u{200d}ğŸ‘©\u{200d}ğŸ‘¦ğŸ‘¨\u{200d}ğŸ‘©\u{200d}ğŸ‘¦ğŸ‘¨\u{200d}ğŸ‘©\u{200d}ğŸ‘¦ğŸ‘¨\u{200d}ğŸ‘©\u{200d}ğŸ‘¦ğŸ‘¨\u{200d}ğŸ‘©\u{200d}ğŸ‘¦ğŸ‘¨\u{200d}ğŸ‘©\u{200d}ğŸ‘¦ğŸ‘¨\u{200d}ğŸ‘©\u{200d}ğŸ‘¦ğŸ‘¨\u{200d}ğŸ‘©\u{200d}ğŸ‘¦ğŸ‘¨\u{200d}ğŸ‘©\u{200d}ğŸ‘¦ğŸ‘¨\u{200d}ğŸ‘©\u{200d}ğŸ‘¦ğŸ‘¨\u{200d}ğŸ‘©\u{200d}ğŸ‘¦ğŸ‘¨\u{200d}ğŸ‘©\u{200d}ğŸ‘¦ğŸ‘¨\u{200d}ğŸ‘©\u{200d}ğŸ‘¦ğŸ‘¨\u{200d}ğŸ‘©\u{200d}ğŸ‘¦ğŸ‘¨\u{200d}ğŸ‘©\u{200d}ğŸ‘¦ğŸ‘¨\u{200d}ğŸ‘©\u{200d}ğŸ‘¦ğŸ‘¨\u{200d}ğŸ‘©\u{200d}ğŸ‘¦ğŸ‘¨\u{200d}ğŸ‘©\u{200d}ğŸ‘¦ğŸ‘¨\u{200d}ğŸ‘©\u{200d}ğŸ‘¦ğŸ‘¨\u{200d}ğŸ‘©\u{200d}ğŸ‘¦ğŸ‘¨\u{200d}ğŸ‘©\u{200d}ğŸ‘¦ğŸ‘¨\u{200d}ğŸ‘©\u{200d}ğŸ‘¦ğŸ‘¨\u{200d}ğŸ‘©\u{200d}ğŸ‘¦ğŸ‘¨\u{200d}ğŸ‘©\u{200d}ğŸ‘¦ğŸ‘¨\u{200d}ğŸ‘©\u{200d}ğŸ‘¦ğŸ‘¨\u{200d}ğŸ‘©\u{200d}ğŸ‘¦ğŸ‘¨\u{200d}ğŸ‘©\u{200d}ğŸ‘¦ğŸ‘¨\u{200d}ğŸ‘©\u{200d}ğŸ‘¦ğŸ‘¨\u{200d}ğŸ‘©\u{200d}ğŸ‘¦ğŸ‘¨\u{200d}ğŸ‘©\u{200d}ğŸ‘¦ğŸ‘¨\u{200d}ğŸ‘©\u{200d}ğŸ‘¦ğŸ‘¨\u{200d}ğŸ‘©\u{200d}ğŸ‘¦ğŸ‘¨\u{200d}ğŸ‘©\u{200d}ğŸ‘¦ğŸ‘¨\u{200d}ğŸ‘©\u{200d}ğŸ‘¦ğŸ‘¨\u{200d}ğŸ‘©\u{200d}ğŸ‘¦ğŸ‘¨\u{200d}ğŸ‘©\u{200d}ğŸ‘¦ğŸ‘¨\u{200d}ğŸ‘©\u{200d}ğŸ‘¦ğŸ‘¨\u{200d}ğŸ‘©\u{200d}ğŸ‘¦ğŸ‘¨\u{200d}ğŸ‘©\u{200d}ğŸ‘¦ğŸ‘¨\u{200d}ğŸ‘©\u{200d}ğŸ‘¦ğŸ‘¨\u{200d}ğŸ‘©\u{200d}ğŸ‘¦ğŸ‘¨\u{200d}ğŸ‘©\u{200d}ğŸ‘¦ğŸ‘¨\u{200d}ğŸ‘©\u{200d}ğŸ‘¦ğŸ‘¨\u{200d}ğŸ‘©\u{200d}ğŸ‘¦ğŸ‘¨\u{200d}ğŸ‘©\u{200d}ğŸ‘¦ğŸ‘¨\u{200d}ğŸ‘©\u{200d}ğŸ‘¦ğŸ‘¨\u{200d}ğŸ‘©\u{200d}ğŸ‘¦ğŸ‘¨\u{200d}ğŸ‘©\u{200d}ğŸ‘¦ğŸ‘¨\u{200d}ğŸ‘©\u{200d}ğŸ‘¦ğŸ‘¨\u{200d}ğŸ‘©\u{200d}ğŸ‘¦ğŸ‘¨\u{200d}ğŸ‘©\u{200d}ğŸ‘¦ğŸ‘¨\u{200d}ğŸ‘©\u{200d}ğŸ‘¦ğŸ‘¨\u{200d}ğŸ‘©\u{200d}ğŸ‘¦ğŸ‘¨\u{200d}ğŸ‘©\u{200d}ğŸ‘¦ğŸ‘¨\u{200d}ğŸ‘©\u{200d}ğŸ‘¦ğŸ‘¨\u{200d}ğŸ‘©\u{200d}ğŸ‘¦ğŸ‘¨\u{200d}ğŸ‘©\u{200d}ğŸ‘¦ğŸ‘¨\u{200d}ğŸ‘©\u{200d}ğŸ‘¦ğŸ‘¨\u{200d}ğŸ‘©\u{200d}ğŸ‘¦ğŸ‘¨\u{200d}ğŸ‘©\u{200d}ğŸ‘¦ğŸ‘¨\u{200d}ğŸ‘©\u{200d}ğŸ‘¦ğŸ‘¨\u{200d}ğŸ‘©\u{200d}ğŸ‘¦ğŸ‘¨\u{200d}ğŸ‘©\u{200d}ğŸ‘¦ğŸ‘¨\u{200d}ğŸ‘©\u{200d}ğŸ‘¦ğŸ‘¨\u{200d}ğŸ‘©\u{200d}ğŸ‘¦ğŸ‘¨\u{200d}ğŸ‘©\u{200d}ğŸ‘¦ğŸ‘¨\u{200d}ğŸ‘©\u{200d}ğŸ‘¦ğŸ‘¨\u{200d}ğŸ‘©\u{200d}ğŸ‘¦ğŸ‘¨\u{200d}ğŸ‘©\u{200d}ğŸ‘¦ğŸ‘¨\u{200d}ğŸ‘©\u{200d}ğŸ‘¦ğŸ‘¨\u{200d}ğŸ‘©\u{200d}ğŸ‘¦ğŸ‘¨\u{200d}ğŸ‘©\u{200d}ğŸ‘¦ğŸ‘¨\u{200d}ğŸ‘©\u{200d}ğŸ‘¦ğŸ‘¨\u{200d}ğŸ‘©\u{200d}ğŸ‘¦ğŸ‘¨\u{200d}ğŸ‘©\u{200d}ğŸ‘¦ğŸ‘¨\u{200d}ğŸ‘©\u{200d}ğŸ‘¦ğŸ‘¨\u{200d}ğŸ‘©\u{200d}ğŸ‘¦ğŸ‘¨\u{200d}ğŸ‘©\u{200d}ğŸ‘¦ğŸ‘¨\u{200d}ğŸ‘©\u{200d}ğŸ‘¦ğŸ‘¨\u{200d}ğŸ‘©\u{200d}ğŸ‘¦ğŸ‘¨\u{200d}ğŸ‘©\u{200d}ğŸ‘¦ğŸ‘¨\u{200d}ğŸ‘©\u{200d}ğŸ‘¦ğŸ‘¨\u{200d}ğŸ‘©\u{200d}ğŸ‘¦ğŸ‘¨\u{200d}ğŸ‘©\u{200d}ğŸ‘¦ğŸ‘¨\u{200d}ğŸ‘©\u{200d}ğŸ‘¦ğŸ‘¨\u{200d}ğŸ‘©\u{200d}ğŸ‘¦ğŸ‘¨\u{200d}ğŸ‘©\u{200d}ğŸ‘¦ğŸ‘¨\u{200d}ğŸ‘©\u{200d}ğŸ‘¦ğŸ‘¨\u{200d}ğŸ‘©\u{200d}ğŸ‘¦ğŸ‘¨\u{200d}ğŸ‘©\u{200d}ğŸ‘¦ğŸ‘¨\u{200d}ğŸ‘©\u{200d}ğŸ‘¦ğŸ‘¨\u{200d}ğŸ‘©\u{200d}ğŸ‘¦ğŸ‘¨\u{200d}ğŸ‘©\u{200d}ğŸ‘¦ğŸ‘¨\u{200d}ğŸ‘©\u{200d}ğŸ‘¦ğŸ‘¨\u{200d}ğŸ‘©\u{200d}ğŸ‘¦",
    ],
}
field: grapheme count is greater than 100
inner[0]: grapheme count is greater than 100

Test {
    field: "ğŸ˜‚ğŸ‘¨\u{200d}ğŸ‘©\u{200d}ğŸ‘¦ğŸ˜‚ğŸ‘¨\u{200d}ğŸ‘©\u{200d}ğŸ‘¦ğŸ˜‚ğŸ‘¨\u{200d}ğŸ‘©\u{200d}ğŸ‘¦ğŸ˜‚ğŸ‘¨\u{200d}ğŸ‘©\u{200d}ğŸ‘¦",
    inner: [
        "ğŸ˜‚ğŸ‘¨\u{200d}ğŸ‘©\u{200d}ğŸ‘¦ğŸ˜‚ğŸ‘¨\u{200d}ğŸ‘©\u{200d}ğŸ‘¦ğŸ˜‚ğŸ‘¨\u{200d}ğŸ‘©\u{200d}ğŸ‘¦ğŸ˜‚ğŸ‘¨\u{200d}ğŸ‘©\u{200d}ğŸ‘¦",
    ],
}
field: grapheme count is lower than 10
inner[0]: grapheme count is lower than 10

Test {
    field: "ğŸ˜‚ğŸ‘¨\u{200d}ğŸ‘©\u{200d}ğŸ‘¦ğŸ˜‚ğŸ‘¨\u{200d}ğŸ‘©\u{200d}ğŸ‘¦ğŸ˜‚ğŸ‘¨\u{200d}ğŸ‘©\u{200d}ğŸ‘¦ğŸ˜‚ğŸ‘¨\u{200d}ğŸ‘©\u{200d}ğŸ‘¦ğŸ˜‚ğŸ‘¨\u{200d}ğŸ‘©\u{200d}ğŸ‘¦ğŸ˜‚ğŸ‘¨\u{200d}ğŸ‘©\u{200d}ğŸ‘¦ğŸ˜‚ğŸ‘¨\u{200d}ğŸ‘©\u{200d}ğŸ‘¦ğŸ˜‚ğŸ‘¨\u{200d}ğŸ‘©\u{200d}ğŸ‘¦ğŸ˜‚ğŸ‘¨\u{200d}ğŸ‘©\u{200d}ğŸ‘¦ğŸ˜‚ğŸ‘¨\u{200d}ğŸ‘©\u{200d}ğŸ‘¦ğŸ˜‚ğŸ‘¨\u{200d}ğŸ‘©\u{200d}ğŸ‘¦ğŸ˜‚ğŸ‘¨\u{200d}ğŸ‘©\u{200d}ğŸ‘¦ğŸ˜‚ğŸ‘¨\u{200d}ğŸ‘©\u{200d}ğŸ‘¦ğŸ˜‚ğŸ‘¨\u{200d}ğŸ‘©\u{200d}ğŸ‘¦ğŸ˜‚ğŸ‘¨\u{200d}ğŸ‘©\u{200d}ğŸ‘¦ğŸ˜‚ğŸ‘¨\u{200d}ğŸ‘©\u{200d}ğŸ‘¦ğŸ˜‚ğŸ‘¨\u{200d}ğŸ‘©\u{200d}ğŸ‘¦ğŸ˜‚ğŸ‘¨\u{200d}ğŸ‘©\u{200d}ğŸ‘¦ğŸ˜‚ğŸ‘¨\u{200d}ğŸ‘©\u{200d}ğŸ‘¦ğŸ˜‚ğŸ‘¨\u{200d}ğŸ‘©\u{200d}ğŸ‘¦ğŸ˜‚ğŸ‘¨\u{200d}ğŸ‘©\u{200d}ğŸ‘¦ğŸ˜‚ğŸ‘¨\u{200d}ğŸ‘©\u{200d}ğŸ‘¦ğŸ˜‚ğŸ‘¨\u{200d}ğŸ‘©\u{200d}ğŸ‘¦ğŸ˜‚ğŸ‘¨\u{200d}ğŸ‘©\u{200d}ğŸ‘¦ğŸ˜‚ğŸ‘¨\u{200d}ğŸ‘©\u{200d}ğŸ‘¦ğŸ˜‚ğŸ‘¨\u{200d}ğŸ‘©\u{200d}ğŸ‘¦ğŸ˜‚ğŸ‘¨\u{200d}ğŸ‘©\u{200d}ğŸ‘¦ğŸ˜‚ğŸ‘¨\u{200d}ğŸ‘©\u{200d}ğŸ‘¦ğŸ˜‚ğŸ‘¨\u{200d}ğŸ‘©\u{200d}ğŸ‘¦ğŸ˜‚ğŸ‘¨\u{200d}ğŸ‘©\u{200d}ğŸ‘¦ğŸ˜‚ğŸ‘¨\u{200d}ğŸ‘©\u{200d}ğŸ‘¦ğŸ˜‚ğŸ‘¨\u{200d}ğŸ‘©\u{200d}ğŸ‘¦ğŸ˜‚ğŸ‘¨\u{200d}ğŸ‘©\u{200d}ğŸ‘¦ğŸ˜‚ğŸ‘¨\u{200d}ğŸ‘©\u{200d}ğŸ‘¦ğŸ˜‚ğŸ‘¨\u{200d}ğŸ‘©\u{200d}ğŸ‘¦ğŸ˜‚ğŸ‘¨\u{200d}ğŸ‘©\u{200d}ğŸ‘¦ğŸ˜‚ğŸ‘¨\u{200d}ğŸ‘©\u{200d}ğŸ‘¦ğŸ˜‚ğŸ‘¨\u{200d}ğŸ‘©\u{200d}ğŸ‘¦ğŸ˜‚ğŸ‘¨\u{200d}ğŸ‘©\u{200d}ğŸ‘¦ğŸ˜‚ğŸ‘¨\u{200d}ğŸ‘©\u{200d}ğŸ‘¦ğŸ˜‚ğŸ‘¨\u{200d}ğŸ‘©\u{200d}ğŸ‘¦ğŸ˜‚ğŸ‘¨\u{200d}ğŸ‘©\u{200d}ğŸ‘¦ğŸ˜‚ğŸ‘¨\u{200d}ğŸ‘©\u{200d}ğŸ‘¦ğŸ˜‚ğŸ‘¨\u{200d}ğŸ‘©\u{200d}ğŸ‘¦ğŸ˜‚ğŸ‘¨\u{200d}ğŸ‘©\u{200d}ğŸ‘¦ğŸ˜‚ğŸ‘¨\u{200d}ğŸ‘©\u{200d}ğŸ‘¦ğŸ˜‚ğŸ‘¨\u{200d}ğŸ‘©\u{200d}ğŸ‘¦ğŸ˜‚ğŸ‘¨\u{200d}ğŸ‘©\u{200d}ğŸ‘¦ğŸ˜‚ğŸ‘¨\u{200d}ğŸ‘©\u{200d}ğŸ‘¦ğŸ˜‚ğŸ‘¨\u{200d}ğŸ‘©\u{200d}ğŸ‘¦ğŸ˜‚ğŸ‘¨\u{200d}ğŸ‘©\u{200d}ğŸ‘¦",
    inner: [
        "ğŸ˜‚ğŸ‘¨\u{200d}ğŸ‘©\u{200d}ğŸ‘¦ğŸ˜‚ğŸ‘¨\u{200d}ğŸ‘©\u{200d}ğŸ‘¦ğŸ˜‚ğŸ‘¨\u{200d}ğŸ‘©\u{200d}ğŸ‘¦ğŸ˜‚ğŸ‘¨\u{200d}ğŸ‘©\u{200d}ğŸ‘¦ğŸ˜‚ğŸ‘¨\u{200d}ğŸ‘©\u{200d}ğŸ‘¦ğŸ˜‚ğŸ‘¨\u{200d}ğŸ‘©\u{200d}ğŸ‘¦ğŸ˜‚ğŸ‘¨\u{200d}ğŸ‘©\u{200d}ğŸ‘¦ğŸ˜‚ğŸ‘¨\u{200d}ğŸ‘©\u{200d}ğŸ‘¦ğŸ˜‚ğŸ‘¨\u{200d}ğŸ‘©\u{200d}ğŸ‘¦ğŸ˜‚ğŸ‘¨\u{200d}ğŸ‘©\u{200d}ğŸ‘¦ğŸ˜‚ğŸ‘¨\u{200d}ğŸ‘©\u{200d}ğŸ‘¦ğŸ˜‚ğŸ‘¨\u{200d}ğŸ‘©\u{200d}ğŸ‘¦ğŸ˜‚ğŸ‘¨\u{200d}ğŸ‘©\u{200d}ğŸ‘¦ğŸ˜‚ğŸ‘¨\u{200d}ğŸ‘©\u{200d}ğŸ‘¦ğŸ˜‚ğŸ‘¨\u{200d}ğŸ‘©\u{200d}ğŸ‘¦ğŸ˜‚ğŸ‘¨\u{200d}ğŸ‘©\u{200d}ğŸ‘¦ğŸ˜‚ğŸ‘¨\u{200d}ğŸ‘©\u{200d}ğŸ‘¦ğŸ˜‚ğŸ‘¨\u{200d}ğŸ‘©\u{200d}ğŸ‘¦ğŸ˜‚ğŸ‘¨\u{200d}ğŸ‘©\u{200d}ğŸ‘¦ğŸ˜‚ğŸ‘¨\u{200d}ğŸ‘©\u{200d}ğŸ‘¦ğŸ˜‚ğŸ‘¨\u{200d}ğŸ‘©\u{200d}ğŸ‘¦ğŸ˜‚ğŸ‘¨\u{200d}ğŸ‘©\u{200d}ğŸ‘¦ğŸ˜‚ğŸ‘¨\u{200d}ğŸ‘©\u{200d}ğŸ‘¦ğŸ˜‚ğŸ‘¨\u{200d}ğŸ‘©\u{200d}ğŸ‘¦ğŸ˜‚ğŸ‘¨\u{200d}ğŸ‘©\u{200d}ğŸ‘¦ğŸ˜‚ğŸ‘¨\u{200d}ğŸ‘©\u{200d}ğŸ‘¦ğŸ˜‚ğŸ‘¨\u{200d}ğŸ‘©\u{200d}ğŸ‘¦ğŸ˜‚ğŸ‘¨\u{200d}ğŸ‘©\u{200d}ğŸ‘¦ğŸ˜‚ğŸ‘¨\u{200d}ğŸ‘©\u{200d}ğŸ‘¦ğŸ˜‚ğŸ‘¨\u{200d}ğŸ‘©\u{200d}ğŸ‘¦ğŸ˜‚ğŸ‘¨\u{200d}ğŸ‘©\u{200d}ğŸ‘¦ğŸ˜‚ğŸ‘¨\u{200d}ğŸ‘©\u{200d}ğŸ‘¦ğŸ˜‚ğŸ‘¨\u{200d}ğŸ‘©\u{200d}ğŸ‘¦ğŸ˜‚ğŸ‘¨\u{200d}ğŸ‘©\u{200d}ğŸ‘¦ğŸ˜‚ğŸ‘¨\u{200d}ğŸ‘©\u{200d}ğŸ‘¦ğŸ˜‚ğŸ‘¨\u{200d}ğŸ‘©\u{200d}ğŸ‘¦ğŸ˜‚ğŸ‘¨\u{200d}ğŸ‘©\u{200d}ğŸ‘¦ğŸ˜‚ğŸ‘¨\u{200d}ğŸ‘©\u{200d}ğŸ‘¦ğŸ˜‚ğŸ‘¨\u{200d}ğŸ‘©\u{200d}ğŸ‘¦ğŸ˜‚ğŸ‘¨\u{200d}ğŸ‘©\u{200d}ğŸ‘¦ğŸ˜‚ğŸ‘¨\u{200d}ğŸ‘©\u{200d}ğŸ‘¦ğŸ˜‚ğŸ‘¨\u{200d}ğŸ‘©\u{200d}ğŸ‘¦ğŸ˜‚ğŸ‘¨\u{200d}ğŸ‘©\u{200d}ğŸ‘¦ğŸ˜‚ğŸ‘¨\u{200d}ğŸ‘©\u{200d}ğŸ‘¦ğŸ˜‚ğŸ‘¨\u{200d}ğŸ‘©\u{200d}ğŸ‘¦ğŸ˜‚ğŸ‘¨\u{200d}ğŸ‘©\u{200d}ğŸ‘¦ğŸ˜‚ğŸ‘¨\u{200d}ğŸ‘©\u{200d}ğŸ‘¦ğŸ˜‚ğŸ‘¨\u{200d}ğŸ‘©\u{200d}ğŸ‘¦ğŸ˜‚ğŸ‘¨\u{200d}ğŸ‘©\u{200d}ğŸ‘¦ğŸ˜‚ğŸ‘¨\u{200d}ğŸ‘©\u{200d}ğŸ‘¦ğŸ˜‚ğŸ‘¨\u{200d}ğŸ‘©\u{200d}ğŸ‘¦",
    ],
}
field: grapheme count is greater than 100
inner[0]: grapheme count is greater than 100


