---
source: garde/tests/./rules/length.rs
expression: snapshot
---
Exact {
    field: "",
    inner: [
        "",
    ],
}
field: length is lower than 4
inner[0]: length is lower than 4

Exact {
    field: "a",
    inner: [
        "a",
    ],
}
field: length is lower than 4
inner[0]: length is lower than 4

Exact {
    field: "aaa",
    inner: [
        "aaa",
    ],
}
field: length is lower than 4
inner[0]: length is lower than 4

Exact {
    field: "ðŸ˜‚ðŸ˜‚",
    inner: [
        "ðŸ˜‚ðŸ˜‚",
    ],
}
field: length is greater than 4
inner[0]: length is greater than 4


